

root@vsrx> show system uptime no-forwarding

Current time: 2016-11-03 16:07:18 UTC
System booted: 2016-11-03 15:03:04 UTC (01:04:14 ago)
Protocols started: 2016-11-03 15:03:20 UTC (01:03:58 ago)
Last configured: 2016-11-03 15:56:40 UTC (00:10:38 ago) by root
 4:07PM  up 1:04, 2 users, load averages: 0.00, 0.00, 0.00


root@vsrx> show version detail no-forwarding

Hostname: vsrx
Model: firefly-perimeter
JUNOS Software Release [12.1X47-D15.4]
KERNEL 12.1X47-D15.4 #0 built by builder on 2014-11-12 02:13:59 UTC
MGD release 12.1X47-D15.4 built by builder on 2014-11-12 04:04:10 UTC
CLI release 12.1X47-D15.4 built by builder on 2014-11-12 02:14:16 UTC
RPD release 12.1X47-D15.4 built by builder on 2014-11-12 02:59:56 UTC
CHASSISD release 12.1X47-D15.4 built by builder on 2014-11-12 03:02:49 UTC
IKED release 12.1X47-D15.4 built by builder on 2014-11-12 02:46:24 UTC
GKSD release 12.1X47-D15.4 built by builder on 2014-11-12 02:49:56 UTC
GKMD release 12.1X47-D15.4 built by builder on 2014-11-12 02:49:03 UTC
PKID release 12.1X47-D15.4 built by builder on 2014-11-12 02:34:10 UTC
SENDD release 12.1X47-D15.4 built by builder on 2014-11-12 02:29:36 UTC
DFWD release 12.1X47-D15.4 built by builder on 2014-11-12 02:42:24 UTC
UNKNOWN release 12.1X47-D15.4 built by builder on 2014-11-12 02:14:39 UTC
SNMPD release 12.1X47-D15.4 built by builder on 2014-11-12 02:36:23 UTC
MIB2D release 12.1X47-D15.4 built by builder on 2014-11-12 02:55:05 UTC
VRRPD release 12.1X47-D15.4 built by builder on 2014-11-12 02:36:53 UTC
ALARMD release 12.1X47-D15.4 built by builder on 2014-11-12 02:34:30 UTC
PFED release 12.1X47-D15.4 built by builder on 2014-11-12 02:36:11 UTC
CRAFTD release 12.1X47-D15.4 built by builder on 2014-11-12 02:35:25 UTC
SAMPLED release 12.1X47-D15.4 built by builder on 2014-11-12 02:30:08 UTC
RMOPD release 12.1X47-D15.4 built by builder on 2014-11-12 02:34:26 UTC
COSD release 12.1X47-D15.4 built by builder on 2014-11-12 02:42:26 UTC
IRSD release 12.1X47-D15.4 built by builder on 2014-11-12 02:29:51 UTC
FUD release 12.1X47-D15.4 built by builder on 2014-11-12 02:54:13 UTC
KSYNCD release 12.1X47-D15.4 built by builder on 2014-11-12 02:30:21 UTC
HTTPD-GK release 12.1X47-D15.4 built by builder on 2014-11-12 02:34:01 UTC
DHCPD release 12.1X47-D15.4 built by builder on 2014-11-12 02:33:33 UTC
PPPOED release 12.1X47-D15.4 built by builder on 2014-11-12 02:33:48 UTC
PPPD release 12.1X47-D15.4 built by builder on 2014-11-12 02:57:29 UTC
DFCD release 12.1X47-D15.4 built by builder on 2014-11-12 02:36:10 UTC
LACPD release 12.1X47-D15.4 built by builder on 2014-11-12 02:36:09 UTC
flowd_vsrx release 12.1X47-D15.4 built by builder on 2014-11-12 02:15:43 UTC
USBD release 12.1X47-D15.4 built by builder on 2014-11-12 02:10:27 UTC
JDHCPD release 12.1X47-D15.4 built by builder on 2014-11-12 02:40:04 UTC
PSSD release 12.1X47-D15.4 built by builder on 2014-11-12 02:32:42 UTC
SSD release 12.1X47-D15.4 built by builder on 2014-11-12 02:30:18 UTC
AUTHD release 12.1X47-D15.4 built by builder on 2014-11-12 02:34:15 UTC
PMOND release 12.1X47-D15.4 built by builder on 2014-11-12 02:30:05 UTC
BDBREPD release 12.1X47-D15.4 built by builder on 2014-11-12 02:29:45 UTC
RES-CLEANUPD release 12.1X47-D15.4 built by builder on 2014-11-12 02:30:07 UTC
IDPD release 12.1X47-D15.4 built by builder on 2014-11-12 02:49:55 UTC
SHM-RTSDBD release 12.1X47-D15.4 built by builder on 2014-11-12 02:55:10 UTC
SMID release 12.1X47-D15.4 built by builder on 2014-11-12 02:30:16 UTC
SMIHELPERD release 12.1X47-D15.4 built by builder on 2014-11-12 02:41:58 UTC
RELAYD release 12.1X47-D15.4 built by builder on 2014-11-12 02:32:49 UTC
R2CPD release 12.1X47-D15.4 built by builder on 2014-11-12 02:32:55 UTC
DOOD release 12.1X47-D15.4 built by builder on 2014-11-12 02:33:53 UTC
AUTOD release 12.1X47-D15.4 built by builder on 2014-11-12 02:33:48 UTC
NSD release 12.1X47-D15.4 built by builder on 2014-11-12 02:56:10 UTC
NSTRACED release 12.1X47-D15.4 built by builder on 2014-11-12 02:33:15 UTC
FWAUTHD release 12.1X47-D15.4 built by builder on 2014-11-12 02:43:40 UTC
JSRPD release 12.1X47-D15.4 built by builder on 2014-11-12 02:43:54 UTC
PROFILERD release 12.1X47-D15.4 built by builder on 2014-11-12 02:33:32 UTC
RTLOGD release 12.1X47-D15.4 built by builder on 2014-11-12 02:43:57 UTC
SYSHMD release 12.1X47-D15.4 built by builder on 2014-11-12 02:58:04 UTC
SMTPD release 12.1X47-D15.4 built by builder on 2014-11-12 02:33:18 UTC
UACD release 12.1X47-D15.4 built by builder on 2014-11-12 02:33:28 UTC
USERIDD release 12.1X47-D15.4 built by builder on 2014-11-12 02:44:02 UTC
PPMD release 12.1X47-D15.4 built by builder on 2014-11-12 02:31:04 UTC
PGMD release 12.1X47-D15.4 built by builder on 2014-11-12 02:30:44 UTC
BFDD release 12.1X47-D15.4 built by builder on 2014-11-12 04:04:04 UTC
AUDITD release 12.1X47-D15.4 built by builder on 2014-11-12 02:30:24 UTC
L2ALD release 12.1X47-D15.4 built by builder on 2014-11-12 02:42:39 UTC
EVENTD release 12.1X47-D15.4 built by builder on 2014-11-12 02:36:55 UTC
MCSNOOPD release 12.1X47-D15.4 built by builder on 2014-11-12 02:33:44 UTC
MPLSOAMD release 12.1X47-D15.4 built by builder on 2014-11-12 02:30:43 UTC
SDXD release 12.1X47-D15.4 built by builder on 2014-11-12 02:29:36 UTC
ESWD release 12.1X47-D15.4 built by builder on 2014-11-12 02:50:55 UTC
DOT1XD release 12.1X47-D15.4 built by builder on 2014-11-12 02:44:45 UTC
LLDPD release 12.1X47-D15.4 built by builder on 2014-11-12 02:44:53 UTC
LFMD release 12.1X47-D15.4 built by builder on 2014-11-12 02:29:59 UTC
CFMD release 12.1X47-D15.4 built by builder on 2014-11-12 02:52:16 UTC
jroute-actions-dd release 12.1X47-D15.4 built by builder on 2014-11-12 01:39:05 UTC
jkernel-actions-dd release 12.1X47-D15.4 built by builder on 2014-11-12 01:39:22 UTC
appsecure-actions-dd release 12.1X47-D15.4 built by builder on 2014-11-12 01:37:35 UTC
aprobe-actions-dd release 12.1X47-D15.4 built by builder on 2014-11-12 01:37:37 UTC
cfm-actions-dd release 12.1X47-D15.4 built by builder on 2014-11-12 01:37:39 UTC
collector-actions-dd release 12.1X47-D15.4 built by builder on 2014-11-12 01:37:47 UTC
elmi-actions-dd release 12.1X47-D15.4 built by builder on 2014-11-12 01:37:51 UTC
gres-test-point-actions-dd release 12.1X47-D15.4 built by builder on 2014-11-12 01:37:55 UTC
jappid-actions-dd release 12.1X47-D15.4 built by builder on 2014-11-12 01:37:58 UTC
jcrypto-actions-dd release 12.1X47-D15.4 built by builder on 2014-11-12 01:38:01 UTC
jidpd-actions-dd release 12.1X47-D15.4 built by builder on 2014-11-12 01:38:22 UTC
jpppd-actions-dd release 12.1X47-D15.4 built by builder on 2014-11-12 01:38:28 UTC
l2ald-actions-dd release 12.1X47-D15.4 built by builder on 2014-11-12 01:38:35 UTC
mo-actions-dd release 12.1X47-D15.4 built by builder on 2014-11-12 01:38:49 UTC
pppd-actions-dd release 12.1X47-D15.4 built by builder on 2014-11-12 01:38:50 UTC
pppoed-actions-dd release 12.1X47-D15.4 built by builder on 2014-11-12 01:38:53 UTC
r2cpd-actions-dd release 12.1X47-D15.4 built by builder on 2014-11-12 01:38:57 UTC
rdd-actions-dd release 12.1X47-D15.4 built by builder on 2014-11-12 01:39:01 UTC
services-actions-dd release 12.1X47-D15.4 built by builder on 2014-11-12 01:39:18 UTC
autod-actions-dd release 12.1X47-D15.4 built by builder on 2014-11-12 00:50:08 UTC
jcrypto_usp-actions-dd release 12.1X47-D15.4 built by builder on 2014-11-12 00:50:11 UTC
jdocs-actions-dd release 12.1X47-D15.4 built by builder on 2014-11-12 00:51:48 UTC
jkernel_jseries-actions-dd release 12.1X47-D15.4 built by builder on 2014-11-12 00:50:15 UTC
jkernel_usp-actions-dd release 12.1X47-D15.4 built by builder on 2014-11-12 00:50:35 UTC
jswitch-actions-dd release 12.1X47-D15.4 built by builder on 2014-11-12 00:50:28 UTC
mcsnoop_esp-actions-dd release 12.1X47-D15.4 built by builder on 2014-11-12 00:50:24 UTC
syshmd_health_mon-actions-dd release 12.1X47-D15.4 built by builder on 2014-11-12 00:50:25 UTC
syshmd_trackip-actions-dd release 12.1X47-D15.4 built by builder on 2014-11-12 00:50:28 UTC


root@vsrx> show system core-dumps no-forwarding

/var/crash/*core*: No such file or directory
/var/tmp/*core*: No such file or directory
/var/tmp/pics/*core*: No such file or directory
/var/crash/kernel.*: No such file or directory
/tftpboot/corefiles/*core*: No such file or directory


root@vsrx> show chassis alarms no-forwarding

No alarms currently active


root@vsrx> show chassis hardware detail no-forwarding

Hardware inventory:
Item             Version  Part number  Serial number     Description
Chassis                                94a43e36963c      FIREFLY-PERIMETER
Midplane
System IO
Routing Engine                                           FIREFLY-PERIMETER RE
  ad0    1843 MB  VBOX HARDDISK        VBec85d7bb-3ecf9219 Hard Disk
FPC 0                                                    Virtual FPC
  PIC 0                                                  Virtual VTNET GE
Power Supply 0


root@vsrx> show system processes extensive no-forwarding

last pid:  2481;  load averages:  0.00,  0.00,  0.00  up 0+01:04:49    16:07:23
115 processes: 4 running, 92 sleeping, 19 waiting

Mem: 180M Active, 26M Inact, 257M Wired, 21M Cache, 59M Buf, 1212K Free
Swap:


  PID USERNAME  THR PRI NICE   SIZE    RES STATE  C   TIME   WCPU COMMAND
   12 root        1 171   52     0K    12K RUN    0  61:23 81.98% idle: cpu0
   50 root        1  -8    0     0K    12K mdwait 0   0:17  7.96% md0
 2412 root        1  86    0 25644K 19432K select 0   0:00  1.95% mgd
   11 root        1 171   52     0K    12K RUN    1  61:49  0.00% idle: cpu1
 1165 root        4  76    0   278M   229M select 0   3:48  0.00% flowd_vsrx
   13 root        1 -20 -139     0K    12K WAIT   0   0:25  0.00% swi7: clock sio
 1156 root        1  76    0 11536K  5480K select 0   0:04  0.00% l2ald
 1154 root        1  76    0 17160K  7368K select 0   0:04  0.00% mib2d
 1174 root        1  76    0 11516K  2672K select 0   0:04  0.00% shm-rtsdbd
 1158 root        2  76    0 17320K  6048K select 0   0:03  0.00% pfed
 1147 root        1  76    0  1788K  1020K select 0   0:02  0.00% bslockd
    4 root        1  -8    0     0K    12K -      0   0:02  0.00% g_down
    3 root        1  -8    0     0K    12K -      0   0:02  0.00% g_up
 1151 root        1  76    0  6712K  2680K select 0   0:02  0.00% alarmd
 1186 root        1  76    0  6348K  2668K select 0   0:01  0.00% license-check
   16 root        1 -16    0     0K    12K -      0   0:01  0.00% yarrow
 1155 root        1   4    0 40180K 11052K kqread 0   0:01  0.00% rpd
 1160 root        1  76    0 16004K  7444K select 0   0:01  0.00% kmd
    2 root        1  -8    0     0K    12K -      0   0:01  0.00% g_event
 1163 root        1  76    0  4556K  2548K select 0   0:01  0.00% irsd
 1149 root        1  76    0 25968K  4840K select 0   0:01  0.00% dcd
 1177 root        1  76    0  7780K  3776K select 0   0:01  0.00% pkid
 1182 root        1  76    0  6952K  3296K select 0   0:01  0.00% rtlogd
 1153 root        1  76    0 13172K  8976K select 0   0:01  0.00% snmpd
 1185 root        1   4    0  5980K  3936K kqread 0   0:01  0.00% mcsnoopd
   44 root        1 -16    0     0K    12K psleep 0   0:00  0.00% vmkmemdaemon
 1150 root        1  76    0 98884K  7968K select 0   0:00  0.00% chassisd
   35 root        1  20    0     0K    12K vnlrum 0   0:00  0.00% vnlru_mem
   32 root        1 -16    0     0K    12K psleep 0   0:00  0.00% pagedaemon
  958 root        1  76    0  4712K  2552K select 0   0:00  0.00% eventd
   15 root        1 -40 -159     0K    12K WAIT   0   0:00  0.00% swi2: netisr 0
   33 root        1 171   52     0K    12K pgzero 0   0:00  0.00% pagezero
 1161 root        1  76    0  6012K  3464K select 0   0:00  0.00% ppmd
 1180 root        1  76    0 18644K  5292K select 0   0:00  0.00% idpd
 1176 root        1  76    0 14184K  7480K select 0   0:00  0.00% nsd
 1152 root        1  76    0 25596K 18632K select 0   0:00  0.00% mgd
 1164 root        1  76    0  7360K  3492K select 0   0:00  0.00% bfdd
   22 root        1 -64 -183     0K    12K WAIT   0   0:00  0.00% irq14: ata0
 1159 root        1  76    0 10792K  5008K select 0   0:00  0.00% cosd
 1175 root        1  76    0  7544K  3792K select 0   0:00  0.00% jsrpd
 1172 root        1  76    0 13072K  4732K select 0   0:00  0.00% smid
   37 root        1  -4    0     0K    12K vlruwt 0   0:00  0.00% vnlru
   34 root        1 -16    0     0K    12K psleep 0   0:00  0.00% bufdaemon
   36 root        1  20    0     0K    12K syncer 0   0:00  0.00% syncer
   38 root        1 -16    0     0K    12K sdflus 0   0:00  0.00% softdepflush
    1 root        1   8    0  1448K   820K wait   0   0:00  0.00% init
   42 root        1 -16    0     0K    12K psleep 0   0:00  0.00% vmuncachedaemon
 2438 root        1 131    0 25660K  6832K select 0   0:00  0.00% mgd
 1162 root        1  76    0 12904K  5024K select 0   0:00  0.00% dfwd
 1184 root        1  76    0  4376K  2184K select 0   0:00  0.00% smtpd
   25 root        1 -68 -187     0K    12K WAIT   0   0:00  0.00% irq16: virtio_pci1
 2437 root        1  76    0 18800K 12924K select 0   0:00  0.00% cli
 1178 root        1  76    0  7168K  3292K select 0   0:00  0.00% httpd-gk
 2414 root        1  77    0  6564K  2648K select 0   0:00  0.00% sshd
 2277 root        1  76    0  6552K  2392K select 0   0:00  0.00% sshd
  104 root        1  -8    0     0K    12K mdwait 0   0:00  0.00% md1
 1211 root        1  76    0     0K    12K select 0   0:00  0.00% peerproxy00000001
 2409 root        1  76    0  6564K  2668K select 0   0:00  0.00% sshd
 1166 root        1  76    0  5108K  3036K select 0   0:00  0.00% dhcpd
 2431 root        1  77    0 18804K 12932K select 0   0:00  0.00% cli
 1197 nobody      1  76    0  5440K  2576K select 0   0:00  0.00% httpd
 1196 root        1  76    0  6012K  2700K select 0   0:00  0.00% sdxd
 1157 root        1  76    0  3112K  1300K select 0   0:00  0.00% inetd
 2282 root        1   5    0  3952K  2548K ttyin  0   0:00  0.00% csh
 1056 root        1   8    0  1700K  1084K nanslp 0   0:00  0.00% cron
 1167 root        1  76    0  4788K  2568K select 0   0:00  0.00% pppd
 1170 root        1  76    0 13240K  3620K select 0   0:00  0.00% bdbrepd
 2417 root        1  20    0  3956K  2624K pause  0   0:00  0.00% csh
   41 root        1   4    0     0K    12K pfeacc 0   0:00  0.00% if_pic_listen0
 1146 root        1  76    0  1576K   708K select 0   0:00  0.00% watchdog
 1181 root        1  76    0  4988K  2584K select 0   0:00  0.00% nstraced
   45 root        1   4    0     0K    12K pfeacc 0   0:00  0.00% if_pfe_listen
    5 root        1   8    0     0K    12K -      0   0:00  0.00% kqueue taskq
 1173 root        1  76    0  4384K  2240K select 0   0:00  0.00% relayd
 1169 root        1  76    0  4504K  2224K select 0   0:00  0.00% mplsoamd
 2432 root        1  76    0 25640K 18992K select 0   0:00  0.00% mgd
 1171 root        1  83    0  6044K  2924K select 0   0:00  0.00% sendd
    0 root        1 -16    0     0K     0K WAIT   0   0:00  0.00% swapper
 1148 root        1  83    0  1736K   984K select 0   0:00  0.00% tnetd
 2411 root        1   8    0  2080K  1236K wait   0   0:00  0.00% sh
 1198 root        1   5    0  1792K  1016K ttyin  0   0:00  0.00% getty
 2433 root        1   8    0  2088K  1236K wait   0   0:00  0.00% sh
 2481 root        1 126    0 22388K  1692K CPU0   0   0:00  0.00% top
 1199 root        1   5    0  1792K  1016K ttyin  0   0:00  0.00% getty
   26 root        1 -48 -167     0K    12K WAIT   0   0:00  0.00% swi0: sio
   18 root        1 -12 -131     0K    12K WAIT   0   0:00  0.00% swi9: task queue
   29 root        1 -36 -155     0K    12K WAIT   0   0:00  0.00% swi3: ip6opt ipopt
 1052 root        1 -16    0     0K    12K select 0   0:00  0.00% kresrsv
   46 root        1   8    0     0K    12K -      0   0:00  0.00% nfsiod 0
   48 root        1   8    0     0K    12K -      0   0:00  0.00% nfsiod 2
   40 root        1   4    0     0K    12K dump_r 0   0:00  0.00% kern_dump_proc
   39 root        1  76    0     0K    12K sleep  0   0:00  0.00% netdaemon
   49 root        1   8    0     0K    12K -      0   0:00  0.00% nfsiod 3
   47 root        1   8    0     0K    12K -      0   0:00  0.00% nfsiod 1
   43 root        1   4    0     0K    12K purge_ 0   0:00  0.00% kern_pir_proc
    7 root        1   8    0     0K    12K -      0   0:00  0.00% acpi_task1
    6 root        1   8    0     0K    12K -      0   0:00  0.00% acpi_task0
    8 root        1   8    0     0K    12K -      0   0:00  0.00% acpi_task2
    9 root        1   8    0     0K    12K -      0   0:00  0.00% thread taskq
   10 root        1 -16    0     0K    12K ktrace 0   0:00  0.00% ktrace
   19 root        1 -12 -131     0K    12K WAIT   0   0:00  0.00% swi9: +
   20 root        1 -16 -135     0K    12K WAIT   0   0:00  0.00% swi8: +
   14 root        1 -24 -143     0K    12K WAIT   0   0:00  0.00% swi6: vm
   17 root        1 -28 -147     0K    12K WAIT   0   0:00  0.00% swi5: cambio
   30 root        1 -32 -151     0K    12K WAIT   0   0:00  0.00% swi4: ip6mismatch+
   31 root        1 -44 -163     0K    12K WAIT   0   0:00  0.00% swi1: ipfwd
   21 root        1 -52 -171     0K    12K WAIT   0   0:00  0.00% irq9: acpi0
   27 root        1 -60 -179     0K    12K WAIT   0   0:00  0.00% irq1: atkbd0
   28 root        1 -60 -179     0K    12K WAIT   0   0:00  0.00% irq12: psm0
   23 root        1 -64 -183     0K    12K WAIT   0   0:00  0.00% irq15: ata1
   24 root        1 -68 -187     0K    12K WAIT   0   0:00  0.00% irq19: virtio_pci0



root@vsrx> show pfe statistics error

================ master ================



root@vsrx> show pfe statistics traffic

Packet Forwarding Engine traffic statistics:
    Input  packets:                 2086                    0 pps
    Output packets:                 3429                    0 pps
Packet Forwarding Engine local traffic statistics:
    Local packets input                 :                 1970
    Local packets output                :                 3429
    Software input control plane drops  :                    0
    Software input high drops           :                    0
    Software input medium drops         :                    0
    Software input low drops            :                    0
    Software output drops               :                    0
    Hardware input drops                :                    0
Packet Forwarding Engine local protocol statistics:
    HDLC keepalives            :                    0
    ATM OAM                    :                    0
    Frame Relay LMI            :                    0
    PPP LCP/NCP                :                    0
    OSPF hello                 :                    0
    OSPF3 hello                :                    0
    RSVP hello                 :                    0
    LDP hello                  :                    0
    BFD                        :                    0
    IS-IS IIH                  :                    0
    LACP                       :                    0
    ARP                        :                    8
    ETHER OAM                  :                    0
    Unknown                    :                    0
Packet Forwarding Engine hardware discard statistics:
    Timeout                    :                    0
    Truncated key              :                    0
    Bits to test               :                    0
    Data error                 :                    0
    Stack underflow            :                    0
    Stack overflow             :                    0
    Normal discard             :                  120
    Extended discard           :                    0
    Invalid interface          :                    0
    Info cell drops            :                    0
    Fabric drops               :                    0
Packet Forwarding Engine Input IPv4 Header Checksum Error and Output MTU Error statistics:
    Input Checksum             :                    0
    Output MTU                 :                    0


root@vsrx> show chassis routing-engine no-forwarding

Routing Engine status:
    Total memory               512 MB Max   425 MB used ( 83 percent)
      Control plane memory     298 MB Max   274 MB used ( 92 percent)
      Data plane memory        214 MB Max   152 MB used ( 71 percent)
    CPU utilization:
      User                       1 percent
      Background                 0 percent
      Kernel                     4 percent
      Interrupt                  0 percent
      Idle                      96 percent
    Model                          FIREFLY-PERIMETER RE
    Start time                     2016-11-03 15:03:04 UTC
    Uptime                         1 hour, 4 minutes, 14 seconds
    Last reboot reason             Router rebooted after a normal shutdown.
    Load averages:                 1 minute   5 minute  15 minute
                                       0.00       0.00       0.00


root@vsrx> show chassis environment no-forwarding

Class Item                           Status     Measurement
Temp  Routing Engine                 Testing
      Routing Engine CPU             Absent
Power Power Supply 0                 OK


root@vsrx> show chassis firmware no-forwarding

Part                     Type       Version
FPC                      O/S        Version 12.1X47-D15.4 by builder on 2014-11
FWDD                     O/S        Version 12.1X47-D15.4 by builder on 2014-11


root@vsrx> show chassis fpc detail

Slot 0 information:
  State                               Online
  Total CPU DRAM                      ---- CPU less FPC ----
  Start time                          2016-11-03 15:03:49 UTC
  Uptime                              1 hour, 3 minutes, 33 seconds


root@vsrx> show system boot-messages  no-forwarding

Copyright (c) 1996-2014, Juniper Networks, Inc.
All rights reserved.
Copyright (c) 1992-2006 The FreeBSD Project.
Copyright (c) 1979, 1980, 1983, 1986, 1988, 1989, 1991, 1992, 1993, 1994
	The Regents of the University of California. All rights reserved.
JUNOS 12.1X47-D15.4 #0: 2014-11-12 02:13:59 UTC
    builder@chamuth.juniper.net:/volume/build/junos/12.1/service/12.1X47-D15.4/obj-i386/junos/bsd/kernels/VSRX/kernel
ACPI APIC Table: <VBOX   VBOXAPIC>
Timecounter "i8254" frequency 1193182 Hz quality 0
CPU: Intel(R) Core(TM) i7-4870HQ CPU @ 2.50GHz (2494.32-MHz 686-class CPU)
  Origin = "GenuineIntel"  Id = 0x40661  Stepping = 1
  Features=0x1783fbff<FPU,VME,DE,PSE,TSC,MSR,PAE,MCE,CX8,APIC,SEP,MTRR,PGE,MCA,CMOV,PAT,PSE36,MMX,FXSR,SSE,SSE2,HTT>
  Features2=0x56d82203<SSE3,<b1>,SSSE3,CX16,SSE4.1,SSE4.2,MOVBE,POPCNT,<b25>,XSAVE,<b28>,<b30>>
  AMD Features=0x28100800<SYSCALL,NX,RDTSCP,LM>
  AMD Features2=0x21<LAHF,ABM>
  Cores per package: 2
real memory  = 536805376 (511 MB)
avail memory = 282640384 (269 MB)
FreeBSD/SMP: Multiprocessor System Detected: 2 CPUs
 cpu0 (BSP): APIC ID:  0
 cpu1 (AP): APIC ID:  1
pnpbios: Bad PnP BIOS data checksum
ioapic0 <Version 1.1> irqs 0-23 on motherboard
netisr_init: !debug_mpsafenet, forcing maxthreads from 2 to 1
Initializing VSRX platform properties ..
acpi0: <VBOX VBOXXSDT> on motherboard
acpi0: Power Button (fixed)
acpi0: Sleep Button (fixed)
Timecounter "ACPI-safe" frequency 3579545 Hz quality 1000
acpi_timer0: <32-bit timer at 3.579545MHz> port 0x4008-0x400b on acpi0
cpu0: <ACPI CPU> on acpi0
cpu1: <ACPI CPU> on acpi0
pcib0: <ACPI Host-PCI bridge> port 0xcf8-0xcff on acpi0
pci0: <ACPI PCI bus> on pcib0
isab0: <PCI-ISA bridge> at device 1.0 on pci0
isa0: <ISA bus> on isab0
atapci0: <Intel PIIX4 UDMA33 controller> port 0x1f0-0x1f7,0x3f6,0x170-0x177,0x376,0xd000-0xd00f at device 1.1 on pci0
ata0: <ATA channel 0> on atapci0
ata1: <ATA channel 1> on atapci0
pci0: <display, VGA> at device 2.0 (no driver attached)
virtio_pci0: <VirtIO PCI Network adapter> port 0xd020-0xd03f irq 19 at device 3.0 on pci0
em0: <VirtIO Networking Adapter> on virtio_pci0
virtio_pci0: host features: 0x410fdda3 <NotifyOnEmpty,VLanFilter,RxMode,ControlVq,Status,MrgRxBuf,TxUFO,TxTSOv6,TxTSOv4,RxUFO,RxTSOv6,RxTSOv4,MacAddress,RxChecksum,TxChecksum>
virtio_pci0: negotiated features: 0x79820 <RxMode,ControlVq,Status,MrgRxBuf,TxTSOv6,TxTSOv4,MacAddress>
pci0: <base peripheral> at device 4.0 (no driver attached)
smb0: <Intel 82371AB SMB controller> irq 23 at device 7.0 on pci0
virtio_pci1: <VirtIO PCI Network adapter> port 0xd060-0xd07f irq 16 at device 8.0 on pci0
em1: <VirtIO Networking Adapter> on virtio_pci1
virtio_pci1: host features: 0x410fdda3 <NotifyOnEmpty,VLanFilter,RxMode,ControlVq,Status,MrgRxBuf,TxUFO,TxTSOv6,TxTSOv4,RxUFO,RxTSOv6,RxTSOv4,MacAddress,RxChecksum,TxChecksum>
virtio_pci1: negotiated features: 0x79820 <RxMode,ControlVq,Status,MrgRxBuf,TxTSOv6,TxTSOv4,MacAddress>
sio0: <16550A-compatible COM port> port 0x3f8-0x3ff irq 4 flags 0x90 on acpi0
sio0: type 16550A, console
battery0: <ACPI Control Method Battery> on acpi0
acpi_acad0: <AC Adapter> on acpi0
atkbdc0: <Keyboard controller (i8042)> port 0x60,0x64 irq 1 on acpi0
atkbd0: <AT Keyboard> irq 1 on atkbdc0
kbd0 at atkbd0
psm0: <PS/2 Mouse> irq 12 on atkbdc0
psm0: model IntelliMouse Explorer, device ID 4
orm0: <ISA Option ROM> at iomem 0xc0000-0xc7fff on isa0
vga0: <Generic ISA VGA> at port 0x3c0-0x3df iomem 0xa0000-0xbffff on isa0
sc0: <System console> at flags 0x100 on isa0
sc0: VGA <16 virtual consoles, flags=0x300>
sio1: configured irq 5 not in bitmap of probed irqs 0
sio1: port may not be enabled
sio2: configured irq 3 not in bitmap of probed irqs 0
sio2: port may not be enabled
sio3: configured irq 7 not in bitmap of probed irqs 0
sio3: port may not be enabled
Initializing product: 131 ..
###PCB Group initialized for udppcbgroup
###PCB Group initialized for tcppcbgroup
ad0: Device does not support APM
ad0: 1844MB <VBOX HARDDISK 1.0> at ata0-master UDMA33
SMP: AP CPU #1 Launched!
Trying to mount root from ufs:/dev/ad0s1a


root@vsrx> show system storage no-forwarding

Filesystem              Size       Used      Avail  Capacity   Mounted on
/dev/ad0s1a             1.6G       229M       1.2G       15%  /
devfs                   1.0K       1.0K         0B      100%  /dev
/dev/md0                594M       594M         0B      100%  /junos
/cf                     1.6G       229M       1.2G       15%  /junos/cf
devfs                   1.0K       1.0K         0B      100%  /junos/dev/
procfs                  4.0K       4.0K         0B      100%  /proc
/dev/bo0s1e             201M        14K       185M        0%  /config
/dev/md1                 84M        16M        61M       21%  /mfs
/cf/var/jail            1.6G       229M       1.2G       15%  /jail/var
/cf/var/log             1.6G       229M       1.2G       15%  /jail/var/log
devfs                   1.0K       1.0K         0B      100%  /jail/dev


root@vsrx> show system virtual-memory no-forwarding

         Type InUse MemUse HighUse Requests  Size(s)
     ifa_list    12     1K       -       12  16
        cache     2     1K       -        2  131072
       devbuf   242   774K       -      245  16,32,64,128,256,512,2048,4096,131072,524288,1048576,2097152,4194304
         temp  1771   391K       -     8696  16,32,64,128,256,512,1024,2048,4096,65536,131072,524288,1048576,2097152,4194304
    iflogical    12     4K       -       12  32768,524288
     iffamily    28     3K       -       28  16,32,1024,2048
    rtnexthop   111    15K       -      111  32,2048,4096,65536
      metrics     4     1K       -       10  1024
        rnode    49     2K       -       51  16,32
       rcache     4     8K       -        4  2097152
     ifdevice    12     8K       -       12  16,1048576
       ifstat    62    57K       -      121  32,512,2048,16384,32768,524288,2097152,4194304
       rtdata     1     1K       -        1  32
         ipfw    42    23K       -       91  16,32,64,128,256,1024,2048,4096,524288,1048576,2097152,4194304
      ifmaddr    16     1K       -       16  16,32
       rtable   104    16K       -      112  16,32,256,512,4096,8192,524288
       sysctl     0     0K       -   415091  16,32,64,128,131072,524288,1048576,4194304
       ifaddr    22     2K       -       22  64
       socket     2     1K       -        2  16
         mkey   373     6K       -    14605  16,256
      pfe_ipc     0     0K       -     1399  16,32,64,128,256,512,1024,2048,4096,8192,32768,524288,1048576,2097152,4194304
      ifstate  1558    55K       -     1863  16,32,64,128,256,512,1024,4096,32768,1048576
     itable16   343    66K       -      349  4096,131072
     itable32   177    12K       -      177  128
     itable64     2     1K       -        2  1024
           lr     1     1K       -        1  524288
    ifservice     1     1K       -        1  32
          pic     2     1K       -        2  16,128
      pfestat    93    16K       -      898  16,32,256,512,1024,2097152
       gencfg   146    26K       -     1069  16,32,64,128,512,1024,8192,524288,1048576,2097152,4194304
          jsr     2     1K       -       18  16
          idl     1     4K       -        8  32,256,2048,4194304
       rtsmsg     0     0K       -       13  4194304
   mesh-group     2     1K       -        2  256
vpls_lc_instance     1     2K       -        1 2097152
     acpitask     0     0K       -        3  32
  ata_generic     1     1K       -        1  1048576
       module   212    14K       -      212  64,128,256
     mtx_pool     1     8K       -        1  64,128,256
      acpisem    17     2K       -       17  32,128
      entropy  1024    48K       -     1024  64
         pgrp    14     1K       -      166  128
      session    13     2K       -      157  2048
         proc     2     1K       -        2  131072
      subproc   238   473K       -     2614  32768,4194304
         cred    36     5K       -    67272  1024
       plimit    26     6K       -     1570  32768
      uidinfo     3     1K       -       47  32,128
    sysctloid  1424    37K       -     1424  16,32,64,128
    sysctltmp     0     0K       -     2592  16,32,64,256,8192
         umtx   147     7K       -      147  64
          bus   569    69K       -     1394  16,32,64,128,512,1048576
       bus-sc    32    13K       -      395  16,32,64,128,512,2048,4096,8192,16384,32768,65536,524288,2097152,4194304
       DEVFS2    78     2K       -      150  16
      devstat     4     9K       -        4  16,4194304
 eventhandler    57     3K       -       57  32,256,512
       DEVFS3   239    29K       -      240  1024
         kobj    92   184K       -      109  2097152
       DEVFS1    78    18K       -       78  32768
        DEVFS    28     1K       -       29  16,128
         rman    56     4K       -      428  32,128
         sbuf     0     0K       -      760  16,32,1048576
    taskqueue     6     1K       -        6  128
   turnstiles   148    10K       -      148  128
       Unitno     6     1K       -       10  16,64
     ioctlops     0     0K       -    16582  16,64,256,262144,524288,2097152,4194304
          iov     0     0K       -    31764  16,32,64,128,256,512,1024,2048,4096,8192,1048576
          msg     4    25K       -        4  1048576,4194304
          sem     4     7K       -        4  524288,1048576,4194304
          shm     8    56K       -       11  4194304
         ttys   420    71K       -     1359  2048,1048576
         ptys     2     1K       -        2  512
     mbuf_tag     0     0K       -    14412  128
       soname   106    12K       -    44833  16,32,64,512,1024
          pcb   344    84K       -     9057  16,32,64,128,256,4096,16384,65536,524288,1048576,2097152
   BIO buffer    38    76K       -      646  2097152
     vfscache     1   128K       -        1  2097152
cluster_save buffer     0     0K       -       25 32,64,128,256
     VFS hash     1    64K       -        1  32,64,128,256
       vnodes     1     1K       -        1  2048
        mount   139    15K       -      155  16,32,64,512,1024,131072,1048576
  vnodemarker     0     0K       -     1979  524288
          BPF     5    11K       -        9  128,32768,524288,2097152,4194304
  ifl_idx_mgr     1     1K       -        1  128
  NULLFS hash     1     1K       -        1  128
  NULLFS node    39     1K       -    25030  16
 NULLFS mount     3     1K       -        3  16
    pfs_nodes    25     2K       -       25  256
  pfs_vncache    50     2K       -      328  32
         GEOM    60     6K       -      425  16,32,128,256,512,1024,2048,16384,524288,1048576,4194304
      CAM XPT     6     1K       -        9  16,64,524288
   CAM periph     1     1K       -        1  256
          STP     9     3K       -        9  2048,4096,524288
    ad_driver     1     1K       -        1  1024
     syncache     1     8K       -        1  1024
      ata_dma     2     1K       -        2  1024
     tlv_stat     0     0K       -       86  1024
   Aggregator     1     1K       -        1  256
Bridge Domain     2     1K       -        2  16,131072
   NFS daemon     1     8K       -        1  16,131072
     p1003.1b     1     1K       -        1  16
  ISOFS mount     1     1K       -        1  2048
   ISOFS node  1966   185K       -     1966  512
      acpidev    36     2K       -       36  32
    CAM queue     3     1K       -        3  16
      MD disk     2     4K       -        2  2097152
         cdev    23     3K       -       23  1024
CAM dev queue     1     1K       -        1  128
      pagedep     1    16K       -        1  128
     inodedep     1    64K       -        1  128
       newblk     1     1K       -        1  131072
    UFS mount     9    19K       -        9  32768,2097152,4194304
    file desc   141    31K       -     2722  16,4096,16384,524288
      UMAHash     1     1K       -        2  131072,524288
        sigio     1     1K       -        8  32
         kenv    43     6K       -       49  16,32,64,128,4194304
       kqueue    18     8K       -      106  32,4096,131072,1048576
    proc-args    58     3K       -     2221  16,32,64,128,256,512,1024,2048,4096,131072
    VM pgdata     1    32K       -        1  16,32,64,128,256,512,1024,2048,4096,131072
       zombie     0     0K       -     2376  256
      ithread    74     6K       -       74  16,64,2048
     atkbddev     2     1K       -        2  32
       isadev    20     1K       -       20  64
       KTRACE   100    10K       -      100  512
     I/O APIC     1     1K       -        1  1048576
       acpica  2144   101K       -    10796  16,32,64,128,256,512,1024,2048,4096,131072,524288,1048576,4194304
     nexusdev     3     1K       -        3  16
       linker   163   273K       -      324  16,32,64,131072,1048576,4194304
     PCI Link     8     1K       -        8  16,1024
        lockf    45     3K       -    29387  128
      CAM SIM     1     1K       -        1  64
ITEM            SIZE     LIMIT     USED    FREE  REQUESTS
UMA Kegs:        136,        0,      78,     18,       78
UMA Zones:       480,        0,      78,      2,       78
UMA Slabs:        64,        0,     462,     69,      650
UMA RCntSlabs:   104,        0,      95,     16,      141
UMA Hash:        128,        0,       4,     26,        5
16 Bucket:        76,        0,      31,     19,       60
32 Bucket:       140,        0,      23,      5,       52
64 Bucket:       268,        0,      29,     13,       83
128 Bucket:      524,        0,      84,      7,      757
VM OBJECT:       128,        0,    3779,    151,    62329
MAP:             160,        0,       7,     41,        7
KMAP ENTRY:       68,    17640,      17,    319,     2195
MAP ENTRY:        68,        0,    2710,    146,   169290
PV ENTRY:         24,   337270,  124182,  10233,  3773107
DP fakepg:        72,        0,      16,     90,       16
mt_zone:        1024,        0,     262,      2,      262
16:               16,        0,    3353,     98,   105135
32:               32,        0,    1287,    295,   405219
48:               48,        0,    5129,     97,    33992
64:               64,        0,     839,    164,    45744
80:               80,        0,     315,     69,     6862
96:               96,        0,    2281,     39,     6457
120:             120,        0,     463,     17,    98046
128:             128,        0,     568,     32,     1782
160:             160,        0,     368,     40,      615
176:             176,        0,       2,     42,       86
208:             208,        0,     170,     20,     2595
232:             232,        0,     251,     38,     1872
240:             240,        0,      18,     30,     1820
256:             256,        0,     167,     13,      238
296:             296,        0,       0,     26,        3
512:             512,        0,      66,      6,     2257
1024:           1024,        0,     134,      6,     3370
2048:           2048,        0,     266,     42,     2774
4096:           4096,        0,     143,     17,     4093
Files:            72,        0,     647,     95,   114061
MAC labels:       20,        0,    4612,    289,   130209
PROC:            560,        0,     110,     16,     2486
THREAD:          524,        0,     130,     17,      131
KSEGRP:           96,        0,     130,     70,      131
UPCALL:           44,        0,       0,      0,        0
SLEEPQUEUE:       32,        0,     148,    191,      148
VMSPACE:         268,        0,      58,     12,     2434
mbuf_packet:     256,    42390,       2,    126,     3283
mbuf:            256,    42390,      11,    311,   137033
mbuf_cluster:   2048,    10596,     132,     58,     4272
mbuf_jumbo_pagesize:  4096,        0,       0,      0,        0
mbuf_jumbo_9k:  9216,        0,       0,      0,        0
mbuf_jumbo_16k: 16384,        0,       0,      0,        0
ACL UMA zone:    388,        0,       0,      0,        0
g_bio:           132,        0,       0,    232,   123782
ata_request:     200,        0,       0,     76,     9387
ata_composite:   192,        0,       0,      0,        0
vtblk_request:    32,        0,       0,      0,        0
vtnet_tx_hdr:     16,        0,       0,      0,        0
GENCFG:           72,  1000004,      52,     54,       72
VNODE:           292,        0,    2822,     25,    28863
VNODEPOLL:        72,        0,       0,      0,        0
NAMEI:          1024,        0,       0,     20,   284076
S VFS Cache:      68,        0,    2630,     58,    10166
L VFS Cache:     291,        0,      28,     11,       29
NFSMOUNT:        480,        0,       0,      0,        0
NFSNODE:         460,        0,       0,      0,        0
PIPE:            404,        0,      38,     16,     1477
KNOTE:            72,        0,      59,    100,    84372
socket:          376,    10600,     371,     19,    14602
unpcb:           144,    10611,     172,     17,     9496
ipq:              52,      144,       0,      0,        0
udp_inpcb:       268,    10598,      21,     21,      101
tcp_inpcb:       268,    10598,      35,     21,      838
tcpcb:           520,    10598,      35,      7,      838
tcptw:            60,     2142,       0,    126,        2
syncache:        128,    15360,       0,     60,       39
tcpreass:         20,      676,       0,      0,        0
sackhole:         20,        0,       0,      0,        0
ripcb:           268,    10598,       4,     24,        4
SWAPMETA:        276,    62230,       0,      0,        0
FFS inode:       132,        0,     669,     56,     1438
FFS1 dinode:     128,        0,     669,     51,     1438
FFS2 dinode:     256,        0,       0,      0,        0
  2730173 cpu context switches
   408704 device interrupts
    67067 software interrupts
   685206 traps
 28570270 system calls
       53 kernel threads created
     2328  fork() calls
      105 vfork() calls
        0 rfork() calls
        0 swap pager pageins
        0 swap pager pages paged in
        0 swap pager pageouts
        0 swap pager pages paged out
    44040 vnode pager pageins
    44139 vnode pager pages paged in
      798 vnode pager pageouts
     5712 vnode pager pages paged out
        7 page daemon wakeups
   235692 pages examined by the page daemon
    32202 pages reactivated
   335062 copy-on-write faults
        0 copy-on-write optimized faults
   212705 zero fill pages zeroed
   115992 zero fill pages prezeroed
      159 intransit blocking page faults
   723851 total VM faults taken
        0 pages affected by kernel thread creation
   320998 pages affected by  fork()
    55736 pages affected by vfork()
        0 pages affected by rfork()
   785109 pages freed
        6 pages freed by daemon
   397832 pages freed by exiting process
    45966 pages active
     6691 pages inactive
     4353 pages in VM cache
    65877 pages wired down
     1342 pages free
     4096 bytes per page
        0 swap pages used
        0 peak swap pages used
   755983 total name lookups
           cache hits (88% pos + 9% neg) system 0% per-directory
           deletions 0%, falsehits 0%, toolong 0%
interrupt                          total       rate
irq1: atkbd0                           3          0
irq4: sio0                           113          0
irq14: ata0                         9387          2
irq16: virtio_pci1                  1221          0
cpu0: timer                       385781         99
Totalü	                           396505        102
vm.kmem_map_free: 162603008


root@vsrx> show system buffer no-forwarding

13/437/450 mbufs in use (current/cache/total)
6/184/190/10596 mbuf clusters in use (current/cache/total/max)
2/126 mbuf+clusters out of packet secondary zone in use (current/cache)
0/0/0/0 4k (page size) jumbo clusters in use (current/cache/total/max)
0/0/0/0 9k jumbo clusters in use (current/cache/total/max)
0/0/0/0 16k jumbo clusters in use (current/cache/total/max)
15K/477K/492K bytes allocated to network (current/cache/total)
0/0/0 requests for mbufs denied (mbufs/clusters/mbuf+clusters)
0/0/0 requests for jumbo clusters denied (4k/9k/16k)
0/41/768 sfbufs in use (current/peak/max)
0 requests for sfbufs denied
0 requests for sfbufs delayed
0 requests for I/O initiated by sendfile
9 calls to protocol drain routines
0 mbuf requests delayed
0 cluster requests delayed


root@vsrx> show system queues no-forwarding

output interface            bytes          max  packets      max    drops
lsi                             0        12500        0       41        0
dsc                             0            0        0        0        0
lo0                             0            0        0        0        0
gre                             0        12500        0       41        0
ipip                            0        12500        0       41        0
tap                             0            0        0        0        0
pime                            0        12500        0       41        0
pimd                            0        12500        0       41        0
mtun                            0        12500        0       41        0
pp0                             0       125000        0      416        0
irb                             0     12500000        0    10596        0
st0                             0       125000        0      416        0
ppd0                            0        12500        0       41        0
ppe0                            0        12500        0       41        0
vlan                            0            0        0        0        0
ge-0/0/0                        0      1250000        0     4166        0
ge-0/0/1                        0      1250000        0     4166        0
sp-0/0/0                        0      1250000        0     4166        0
gr-0/0/0                        0        12500        0       41        0
ip-0/0/0                        0        12500        0       41        0
lsq-0/0/0                       0       125000        0      416        0
mt-0/0/0                        0        12500        0       41        0
lt-0/0/0                        0        12500        0       41        0
input protocol              bytes          max  packets      max    drops
splfwdq                         0      1000000        0     1000        0
splnetq                         0      1000000        0     1000        0
arpintrq                        0         1000        0       50        0
optionq                         0       200000        0      200        0
icmpq                           0        50000        0       50        0
frlmiq                          0            0        0        0        0
spppintrq                       0        25000        0      250        0
atmctlpktq                      0            0        0        0        0
atmoamq                         0            0        0        0        0
tnpintrq                        0      1250000        0     4166        0
tagintrq                        0       200000        0      200        0
tagfragq                        0       200000        0      200        0


root@vsrx> show system statistics no-forwarding

Tcp:
         9315 packets sent
                 3239 data packets (536937 bytes)
                 0 data packets retransmitted (0 bytes)
                 0 resends initiated by MTU discovery
                 5279 ack only packets (109 packets delayed)
                 0 URG only packets
                 0 window probe packets
                 2 window update packets
                 1561 control packets
         13709 packets received
                 1383 acks(for 536958 bytes)
                 10210 duplicate acks
                 0 acks for unsent data
                 630  packets received in-sequence(122176 bytes)
                 5094 completely duplicate packets(0 bytes)
                 0 old duplicate packets
                 0 packets with some duplicate data(0 bytes duped)
                 0 out-of-order packets(0 bytes)
                 0 packets of data after window(0 bytes)
                 0 window probes
                 4 window update packets
                 0 packets received after close
                 0 discarded for bad checksums
                 0 discarded for bad header offset fields
                 0 discarded because packet too short
         769 connection requests
         39 connection accepts
         0 bad connection attempts
         0 listen queue overflows
         42 connections established (including accepts)
         804 connections closed (including 7 drops)
                 25 connections updated cached RTT on close
                 25 connections updated cached RTT variance on close
                 0 connections updated cached ssthresh on close
         766 embryonic connections dropped
         1364 segments updated rtt(of 1709 attempts)
         0 retransmit timeouts
                 0 connections dropped by retransmit timeout
         0 persist timeouts
                 0 connections dropped by persist timeout
         5094 keepalive timeouts
                 5094 keepalive probes sent
                 0 connections dropped by keepalive
         92 correct ACK header predictions
         389 correct data packet header predictions
         39 syncache entries added
                 0 retransmitted
                 0 dupsyn
                 0 dropped
                 39 completed
                 0 bucket overflow
                 0 cache overflow
                 0 reset
                 0 stale
                 0 aborted
                 0 badack
                 0 unreach
                 0 zone failures
         0 cookies sent
         0 cookies received
         0 SACK recovery episodes
         0 segment retransmits in SACK recovery episodes
         0 byte retransmits in SACK recovery episodes
         0 SACK options (SACK blocks) received
         0 SACK options (SACK blocks) sent
         0 SACK scoreboard overflow
         0 ACKs sent in response to in-window but not exact RSTs
         0 ACKs sent in response to in-window SYNs on established connections
         0 rcv packets dropped by TCP due to bad address
         0 out-of-sequence segment drops due to insufficient memory
         766 RST packets
         0 ICMP packets ignored by TCP
         0 send packets dropped by TCP due to auth errors
         0 rcv packets dropped by TCP due to auth errors
         0 outgoing segments dropped due to policing
udp:
         7 datagrams received
         0 with incomplete header
         0 with bad data length field
         0 with bad checksum
         0 dropped due to no socket
         0 broadcast/multicast datagrams dropped due to no socket
         0 dropped due to full socket buffers
         0 not for hashed pcb
         7 delivered
         4 datagrams output
ip:
         1962 total packets received
         0 bad header checksums
         0 with size smaller than minimum
         0 with data size < data length
         0 with header length < data size
         0 with data length < header length
         0 with incorrect version number
         0 packets destined to dead next hop
         0 fragments received
         0 fragments dropped (dup or out of space)
         0 fragments dropped (queue overflow)
         0 fragments dropped after timeout
         0 fragments dropped due to over limit
         0 packets reassembled ok
         13716 packets for this host
         0 packets for unknown/unsupported protocol
         0 packets forwarded
         0 packets not forwardable
         0 redirects sent
         15179 packets sent from this host
         0 packets sent with fabricated ip header
         0 output packets dropped due to no bufs
         0 output packets discarded due to no route
         0 output datagrams fragmented
         0 fragments created
         0 datagrams that can't be fragmented
         0 packets with bad options
         4 packets with options handled without error
         0 strict source and record route options
         0 loose source and record route options
         0 record route options
         0 timestamp options
         0 timestamp and address options
         0 timestamp and prespecified address options
         0 option packets dropped due to rate limit
         4 router alert options
         0 multicast packets dropped (no iflist)
         0 packets dropped (src and int don't match)
         0 transit re packets dropped on mgmt i/f
         0 packets used first nexthop in ecmp unilist
         0 incoming ttpoip packets received
         0 incoming ttpoip packets dropped
         0 outgoing TTPoIP packets sent
         0 outgoing TTPoIP packets dropped
         0 raw packets dropped. no space in socket recv buffer
icmp:
         0 drops due to rate limit
         0 calls to icmp_error
         0 errors not generated because old message was icmp
         0 messages with bad code fields
         0 messages less than the minimum length
         0 messages with bad checksum
         0 messages with bad source address
         0 messages with bad length
         0 echo drops with broadcast or multicast destinaton address
         0 timestamp drops with broadcast or multicast destination address
         0 message responses generated
igmp:
         0 messages received
         0 messages received with too few bytes
         0 messages received with bad checksum
         0 membership queries received
         0 membership queries received with invalid fields
         0 membership reports received
         0 membership reports received with invalid fields
         0 membership reports received for groups to which we belong
         0 Membership reports sent
ipsec:
         0 inbound packets processed successfully
         0 inbound packets violated process security policy
         0 inbound packets with no SA available
         0 invalid inbound packets
         0 inbound packets failed due to insufficient memory
         0 Inbound packets failed getting SPI
         0 inbound packets failed on AH replay check
         0 inbound packets failed on ESP replay check
         0 inbound packets considered authentic
         0 inbound packets failed on authentication
         0 inbound ESP packets considered authentic
         0 inbound ESP packets failed on authentication
         0 outbound packets processed successfully
         0 Outbound packets violated process security policy
         0 outbound packets with no SA available
         0 invalid outbound packets
         0 outbound packets failed due to insufficient memory
         0 outbound packets with no route
         0 SPD cache lookups
         0 SPD cache misses
raw_if:
         1 RAW packets transmitted
         0 PPPOE packets transmitted
         0 ISDN packets transmitted
         0 DIALER packets transmitted
         0 PPP packets transmitted to pppd
         0 PPP packets transmitted to jppd
         0 IGMPL2 packets transmitted
         0 MLDL2 packets transmitted
         0 Fibre Channel packets transmitted
         0 FIP packets transmitted
         0 STP packets transmitted
         0 Fabric OAM packets transmitted
         0 output drops due to tx error
         0 MPU packets transmitted
         0 PPPOE packets received
         0 ISDN packets received
         0 DIALER packets received
         0 PPP packets received from pppd
         0 MPU packets received
         0 PPP packets received from jppd
         0 IGMPL2 packets received
         0 MLDL2 packets received
         0 Fibre Channel packets received
         0 FIP packets received
         0 STP packets received
         0 Fabric OAM packets received
         0 Fibre Channel packets dropped
         0 FIP packets dropped
         0 STP packets dropped
         0 Fabric OAM packets dropped
         0 Input drops due to bogus protocol
         0 input drops due to no mbufs available
         0 input drops due to no space in socket
         0 input drops due to no socket
arp:
         8 datagrams received
         2 ARP requests received
         6 ARP replies received
         1 resolution request received
         0 resolution request dropped
         0 unrestricted proxy requests
         0 restricted proxy requests
         0 received proxy requests
         0 unrestricted proxy requests not proxied
         0 restricted proxy requests not proxied
         0 datagrams with bogus interface
         0 datagrams with incorrect length
         0 datagrams for non-IP protocol
         0 datagrams with unsupported op code
         0 datagrams with bad protocol address length
         0 datagrams with bad hardware address length
         0 datagrams with multicast source address
         0 datagrams with multicast target address
         0 datagrams with my own hardware address
         0 datagrams for an address not on the interface
         0 datagrams with a broadcast source address
         0 datagrams with source address duplicate to mine
         0 datagrams which were not for me
         0 packets discarded waiting for resolution
         1 packets sent after waiting for resolution
         8 ARP requests sent
         2 ARP replies sent
         0 requests for memory denied
         0 requests dropped on entry
         0 requests dropped during retry
         0 requests dropped due to interface deletion
         0 requests on unnumbered interfaces
         0 new requests on unnumbered interfaces
         0 replies for from unnumbered interfaces
         0 requests on unnumbered interface with non-subnetted donor
         0 replies from unnumbered interface with non-subnetted donor
ip6:
         0 total packets received
         0 packets with size smaller than minimum
         0 packets with data size < data length
         0 packets with bad options
         0 packets with incorrect version number
         0 fragments received
         0 fragments dropped (dup or out of space)
         0 fragments dropped after timeout
         0 fragments that exceeded limit
         0 packets reassembled ok
         0 packets for this host
         0 packets forwarded
         0 packets not forwardable
         0 redirects sent
         0 packets sent from this host
         0 packets sent with fabricated ip header
         0 output packets dropped due to no bufs, etc.
         0 output packets discarded due to no route
         0 output datagrams fragmented
         0 fragments created
         0 datagrams that can't be fragmented
         0 packets that violated scope rules
         0 multicast packets which we don't join
         0 packets whose headers are not continuous
         0 tunneling packets that can't find gif
         0 packets discarded due to too may headers
         0 failures of source address selection
         0 forward cache hit
         0 forward cache miss
         0 Packets destined to dead next hop
         0 option packets dropped due to rate limit
         0 Packets dropped (src and int don't match)
         0 packets dropped due to bad protocol
         0 transit re packet(null) dropped on mgmt i/f
icmp6:
         0 Calls to icmp_error
         0 Errors not generated because old message was icmp error
         0 Errors not generated because rate limitation
         0 Messages with bad code fields
         0 Messages < minimum length
         0 Bad checksums
         0 Messages with bad length
                 0 No route
                 0 Administratively prohibited
                 0 Beyond scope
                 0 Address unreachable
                 0 Port unreachable
                 0 packet too big
                 0 Time exceed transit
                 0 Time exceed reassembly
                 0 Erroneous header field
                 0 Unrecognized next header
                 0 Unrecognized option
                 0 redirect
                 0 Unknown
         0 Message responses generated
         0 Messages with too many ND options
pfkey:
         2 Requests sent from userland
         104 Bytes sent from userland
         histogram by message type:
                 1 reserved
                 1 dump
         0 Messages with invalid length field
         0 Messages with invalid version field
         0 Messages with invalid message type field
         0 Messages too short
         0 Messages with memory allocation failure
         0 Messages with duplicate extension
         0 Messages with invalid extension type
         0 Messages with invalid sa type
         0 Messages with invalid address extension
         2 Requests sent to userland
         104 Bytes sent to userland
         histogram by message type:
                 1 reserved
                 1 dump
         0 Messages toward single socket
         0 Messages toward all sockets
         0 Messages toward registered sockets
         0 Messages with memory allocation failure
clnl:
         0 Total packets received
         0 Packets delivered
         0 Too small packets
         0 Packets with bad header length
         0 Packets with bad checksum
         0 Bad version packets
         0 Unknown or unsupported protocol packets
         0 Packets with bogus sdl size
         0 No free memory in socket buffer
         0 Send packets discarded
         0 Sbappend failure
         0 Mcopy failure
         0 Address fields were not reasonable
         0 Segment information forgotten
         0 Forwarded packets
         0 Total packets sent
         0 Output packets discarded
         0 Non-forwarded packets
         0 Packets fragmented
         0 Fragments sent
         0 Fragments discarded
         0 Fragments timed out
         0 Fragmentation prohibited
         0 Packets reconstructed
         0 Packets destined to dead nexthop
         0 Packets discarded due to no route
         0 Error pdu rate drops
         0 ER pdu generation failure
esis:
         0 Total pkts received
         0 Total packets consumed by protocol
         0 Pdus received with bad checksum
         0 Pdus received with bad version number
         0 Pdus received with bad type field
         0 Short pdus received
         0 Pdus withbogus sdl size
         0 Pdus with bad header length
         0 Pdus with unknown or unsupport protocol
         0 No free memory in socket buffer
         0 Send packets discarded
         0 Sbappend failure
         0 Mcopy failure
         0 ISO family not configured
tnp:
         26459 Unicast packets received
         0 Broadcast packets received
         44 Fragmented packets received
         0 Hello packets dropped
         0 Fragments dropped
         0 Fragment reassembly queue flushes
         0 Packets with tnp src address collision received
         0 Hello packets received
         0 Control packets received
         24328 Rdp packets received
         158 Udp packets received
         1973 Tunnel packets received
         0 Input packets discarded with no protocol
         0 Packets of version unspecified received
         0 Packets of version 1 received
         0 Packets of version 2 received
         26459 Packets of version 3 received
         26434 Unicast packets sent
         0 Broadcast packets sent
         19 Fragmented packets sent
         0 Hello packets dropped
         0 Fragments dropped
         0 Hello packets sent
         0 Control packets sent
         24306 Rdp packets sent
         158 Udp packets sent
         1970 Tunnel packets sent
         0 Packets sent with unknown protocol
         0 Packets of version unspecified sent
         0 Packets of version 1 sent
         0 Packets of version 2 sent
         26434 Packets of version 3 sent
rdp:
         24306 Input packets
         0 Packets discarded for bad checksum
         91 Packets discarded due to bad sequence number
         3804 Refused connections
         2162 Acks received
         0 Packets dropped due to full socket buffers
         91 Retransmits
         20510 Output packets
         8318 Acks sent
         70 Connects
         27 Closes
         6030 Keepalives received
         6030 Keepalives sent
tudp:
         158 Datagrams received
         0 Datagrams with incomplete header
         0 Datagrams with bad data length field
         0 Datagrams with bad checksum
         0 Datagrams dropped due to no socket
         0 Broadcast/multicast datagrams dropped due to no socket
         0 Datagrams dropped due to full socket buffers
         158 Delivered
         158 Datagrams output
ttp:
         3429 Packets sent
         0 Packets sent while unconnected
         0 Packets sent while interface down
         0 Packets sent couldn't get buffer
         0 Packets sent couldn't find neighbor
         8 L2 packets received
         0 Unknown L3 packets received
         1962 IPv4 L3 packets received
         0 MPLS L3 packets received
         0 MPLS->IPV4 L3 packets received
         0 IPv4->MPLS L3 packets received
         0 IPv6 L3 packets received
         0 ARP L3 packets received
         0 CLNP L3 packets received
         0 TNP L3 packets received
         0 NULL L3 packets received
         0 Cyclotron cycle L3 packets received
         0 Cyclotron send L3 packets received
         0 Packets received while unconnected
         0 Packets received from unknown ifl
         0 Input packets couldn't get buffer
         0 Input packets with bad type
         0 Input packets with discard type
         0 Input packets for which rt lookup is bypassed
         0 Input packets with ttp tlv of type TTP_TLV_P2MP_NBR_NHID
         0 Input packets with unknown p2mp_nbr_nhid value
mpls:
         0 Total MPLS packets received
         0 Packets forwarded
         0 Packets dropped
         0 Packets with header too small
         0 After tagging, packets can't fit link MTU
         0 Packets with IPv4 explicit NULL tag
         0 Packets with IPv4 explicit NULL cksum errors
         0 Packets with router alert tag
         0 LSP ping packets (ttl-expired/router alert)
         0 Packets with ttl expired
         0 Packets with tag encoding error
         0 Packets discarded due to no route
         0 Packets used first nexthop in ecmp unilist
vpls:
         0 Total packets received
         0 Packets with size smaller than minimum
         0 Packets with incorrect version number
         0 Packets for this host
         0 Packets with no logical interface
         0 Packets with no family
         0 Packets with no route table
         0 Packets with no auxiliary table
         0 Packets with no corefacing entry
         0 packets with no CE-facing entry
         0 MAC route learning requests
         0 MAC routes learnt
         0 Requests to learn an existing route
         0 Learning requests while learning disabled on interface
         0 Learning requests over capacity
         0 MAC routes moved
         0 Requests to move static route
         0 MAC route aging requests
         0 MAC routes aged
         0 Bogus address in aging requests
         0 Requests to age static route
         0 Requests to re-ageout aged route
         0 Requests involving multiple peer FEs
         0 Aging acks from PFE
         0 Aging non-acks from PFE
         0 Aging requests timed out waiting on FEs
         0 Aging requests over max-rate
         0 Errors finding peer FEs
         0 Unsupported platform
         0 Packets dropped due to no l3 route table
         0 Packets dropped due to no local ifl
         0 Packets punted
         0 Packets dropped due to no socket
bridge:
         Input:
         0 packets received
         0 packets forwarded
         0 packets failed to forward
         0 packets dropped
         0 packets with vmember lookup failures
         0 packets with vlan lookup failures
         0 packets with stp state lookup failures
         0 packets dropped due to stp blocked/listening
         0 packets dropped due to stp learning
         0 packets with src MAC learning failures
         0 packets with input control processing failures
         Forward:
         0 packets sent successfully
         0 packets with send failures
         0 packets forwarded to l3 interface
         0 packets with l3 send failures
         0 packets discarded
         0 packets with l2ifl store failures
         0 packets with ifl mismatch failures
         0 packets with packet duplication failures
         0 packets with tag lookup failures
         0 packets with no route for DMAC
         0 packets with no route table
         0 packets with no nexthop
         0 packets with dead nexthop
         0 packets with eof reached error
         Learning:
         0 MACs learned
         0 packets sent to l3 interface
         0 packets with l3 send failures
         0 packets hit holdq while learning
         0 MAC moves
         0 packets discarded
         0 packets with no route for SMAC
         0 packets with no nexthop
         0 packets with dead nexthop
         0 packets dropped due to no resolve route
         0 packets with l3 ifd lookup failures
         0 packets with l3 ifl lookup failures
         0 packets with l3 invalid rnh
         0 packets with no route for SMAC in clone learning
         0 packets with no nexhop in clone learning
         0 packets with dead nexthop in clone learning
         0 packets dropped due to no resolve nh in clone learning
         Output:
         0 packets failed to forward
         0 packets with vmember lookup failures
         0 packets with vlan lookup failures
         0 packets with input control processing failures
         Send:
         0 packets sent successfully
         0 packets with send failures
         0 packets dropped due to interface down
         0 packets with dev output failures
         0 blocked ifl discards
         0 packets with tag lookup failures
         0 packets with stp state lookup failures
         0 packets with tag insertion failures
         0 packets with tag removal failures
         Flood:
         0 packets flooded
         0 flood failures
         IGMP:
         0 packets sent successfully
         0 packets with send failures
         0 packets failed to forward
         0 packets with mpull failures
         0 packets with vmember lookup failures
         0 packets with vlan lookup failures
         0 packets with ifl lookup failures
         0 packets with tag lookup failures
         MLD:
         0 packets received
         0 packets with receive failures
         0 packets sent successfully
         0 packets with send failures
         0 packets failed to forward
         0 packets with mpull failures
         0 packets with vmember lookup failures
         0 packets with vlan lookup failures
         0 packets with ifl lookup failures
         0 packets with tag lookup failures
         Misc:
         0 packets with size smaller than minimum
         0 packets with double tags
         0 packets with no ifl
         0 packets with no family
         0 packets with no route table
ethoamlfm:
         0 total received packets
         0 input drops due to bad interface state
         0 received packets forwarded
         0 total transmitted packets
         0 sent packets
         0 output drops due to bad interface state
ethoamcfm:
         0 total received packets
         0 input drops due to bad interface state
         0 received packets forwarded
         0 total transmitted packets
         0 sent packets
         0 output drops due to bad interface state
         0 flood requests forwarded to PFE
         0 flood requests dropped


root@vsrx> show configuration | except SECRET-DATA

## Last commit: 2016-11-03 15:56:40 UTC by root
version 12.1X47-D15.4;
system {
    host-name vsrx;
    root-authentication {
    }
    login {
        user vagrant {
            uid 2000;
            class super-user;
            authentication {
            }
        }
    }
    services {
        ssh {
            root-login allow;
        }
        netconf {
            ssh;
        }
        web-management {
            http {
                interface ge-0/0/0.0;
            }
        }
    }
    syslog {
        user * {
            any emergency;
        }
        file messages {
            any any;
            authorization info;
        }
        file interactive-commands {
            interactive-commands any;
        }
    }
    license {
        autoupdate {
            url https://ae1.juniper.net/junos/key_retrieval;
        }
    }
}
interfaces {
    ge-0/0/0 {
        unit 0 {
            family inet {
                dhcp;
            }
        }
    }
    ge-0/0/1 {
        unit 0 {
            family inet {
                address 172.16.0.2/24;
            }
        }
    }
    ge-1/0/1 {
        description "MPLS interface ge-1/0/1";
        unit 0 {
            family mpls;
        }
    }
    ge-1/0/2 {
        description "MPLS interface ge-1/0/2";
        unit 0 {
            family mpls;
        }
    }
}
protocols {
    mpls {
        interface ge-1/0/1.0;
        interface ge-1/0/2.0;
    }
}
policy-options {
    policy-statement F5-in {
        term test {
            then accept;
        }
        from protocol mpls;
    }
}
security {
    forwarding-options {
        family {
            inet6 {
                mode packet-based;
            }
            mpls {
                mode packet-based;
            }
        }
    }
}


root@vsrx> show interfaces extensive no-forwarding

Physical interface: ge-0/0/0, Enabled, Physical link is Up
  Interface index: 134, SNMP ifIndex: 507, Generation: 137
  Link-level type: Ethernet, MTU: 1514, Link-mode: Full-duplex, Speed: 1000mbps, BPDU Error: None, MAC-REWRITE Error: None, Loopback: Disabled, Source filtering: Disabled, Flow control: Enabled, Auto-negotiation: Enabled, Remote fault: Online
  Device flags   : Present Running
  Interface flags: SNMP-Traps Internal: 0x4000
  Link flags     : None
  CoS queues     : 8 supported, 8 maximum usable queues
  Hold-times     : Up 0 ms, Down 0 ms
  Current address: 08:00:27:ae:f4:51, Hardware address: 08:00:27:ae:f4:51
  Last flapped   : 2016-11-03 15:03:52 UTC (01:03:32 ago)
  Statistics last cleared: Never
  Traffic statistics:
   Input  bytes  :                29996                    0 bps
   Output bytes  :                39208                    0 bps
   Input  packets:                  320                    0 pps
   Output packets:                  206                    0 pps
  Input errors:
    Errors: 0, Drops: 0, Framing errors: 0, Runts: 0, Policed discards: 0, L3 incompletes: 0, L2 channel errors: 0, L2 mismatch timeouts: 0, FIFO errors: 0, Resource errors: 0
  Output errors:
    Carrier transitions: 1, Errors: 0, Drops: 0, Collisions: 0, Aged packets: 0, FIFO errors: 0, HS link CRC errors: 0, MTU errors: 0, Resource errors: 0
  Egress queues: 8 supported, 4 in use
  Queue counters:       Queued packets  Transmitted packets      Dropped packets
    0 best-effort                  206                  206                    0
    1 expedited-fo                   0                    0                    0
    2 assured-forw                   0                    0                    0
    3 network-cont                   0                    0                    0
  Queue number:         Mapped forwarding classes
    0                   best-effort
    1                   expedited-forwarding
    2                   assured-forwarding
    3                   network-control
  Active alarms  : None
  Active defects : None
  MAC statistics:                      Receive         Transmit
    Total octets                             0                0
    Total packets                            0                0
    Unicast packets                        338              206
    Broadcast packets                        0                0
    Multicast packets                        0                0
    CRC/Align errors                         0                0
    FIFO errors                              0                0
    MAC control frames                       0                0
    MAC pause frames                         0                0
    Oversized frames                         0
    Jabber frames                            0
    Fragment frames                          0
    VLAN tagged frames                       0
    Code violations                          0
  Filter statistics:
    Input packet count                       0
    Input packet rejects                     0
    Input DA rejects                         0
    Input SA rejects                         0
    Output packet count                                       0
    Output packet pad count                                   0
    Output packet error count                                 0
    CAM destination filters: 2, CAM source filters: 0
  Autonegotiation information:
    Negotiation status: Complete
    Link partner:
        Link mode: Full-duplex, Flow control: None, Remote fault: OK, Link partner Speed: 1000 Mbps
    Local resolution:
        Flow control: None, Remote fault: Link OK
  Packet Forwarding Engine configuration:
    Destination slot: 0
  CoS information:
    Direction : Output
    CoS transmit queue               Bandwidth               Buffer Priority   Limit
                              %            bps     %           usec
    0 best-effort            95      950000000    95              0      low    none
    3 network-control         5       50000000     5              0      low    none
  Interface transmit statistics: Disabled

  Logical interface ge-0/0/0.0 (Index 69) (SNMP ifIndex 509) (Generation 134)
    Flags: SNMP-Traps 0x4000 Encapsulation: ENET2
    Traffic statistics:
     Input  bytes  :                29996
     Output bytes  :                31268
     Input  packets:                  320
     Output packets:                  206
    Local statistics:
     Input  bytes  :                29996
     Output bytes  :                31268
     Input  packets:                  320
     Output packets:                  206
    Transit statistics:
     Input  bytes  :                    0                    0 bps
     Output bytes  :                    0                    0 bps
     Input  packets:                    0                    0 pps
     Output packets:                    0                    0 pps
    Security: Zone: Null
    Flow Statistics :
    Flow Input statistics :
      Self packets :                     0
      ICMP packets :                     0
      VPN packets :                      0
      Multicast packets :                0
      Bytes permitted by policy :        0
      Connections established :          0
    Flow Output statistics:
      Multicast packets :                0
      Bytes permitted by policy :        0
    Flow error statistics (Packets dropped due to):
      Address spoofing:                  0
      Authentication failed:             0
      Incoming NAT errors:               0
      Invalid zone received packet:      0
      Multiple user authentications:     0
      Multiple incoming NAT:             0
      No parent for a gate:              0
      No one interested in self packets: 0
      No minor session:                  0
      No more sessions:                  0
      No NAT gate:                       0
      No route present:                  0
      No SA for incoming SPI:            0
      No tunnel found:                   0
      No session for a gate:             0
      No zone or NULL zone binding       0
      Policy denied:                     0
      Security association not active:   0
      TCP sequence number out of window: 0
      Syn-attack protection:             0
      User authentication errors:        0
    Protocol inet, MTU: 1500, Generation: 148, Route table: 0
      Flags: Sendbcast-pkt-to-re, Is-Primary
      Addresses, Flags: Is-Default Is-Preferred Is-Primary
        Destination: 10.0.2/24, Local: 10.0.2.15, Broadcast: 10.0.2.255, Generation: 148

Physical interface: gr-0/0/0, Enabled, Physical link is Up
  Interface index: 137, SNMP ifIndex: 517, Generation: 140
  Type: GRE, Link-level type: GRE, MTU: Unlimited, Speed: 800mbps
  Link flags     : Scheduler Keepalives DTE
  Hold-times     : Up 0 ms, Down 0 ms
  Device flags   : Present Running
  Interface flags: Point-To-Point
  Statistics last cleared: Never
  Traffic statistics:
   Input  bytes  :                    0                    0 bps
   Output bytes  :                    0                    0 bps
   Input  packets:                    0                    0 pps
   Output packets:                    0                    0 pps

Physical interface: ip-0/0/0, Enabled, Physical link is Up
  Interface index: 138, SNMP ifIndex: 518, Generation: 141
  Type: IPIP, Link-level type: IP-over-IP, MTU: Unlimited, Speed: 800mbps
  Link flags     : Scheduler Keepalives DTE
  Hold-times     : Up 0 ms, Down 0 ms
  Device flags   : Present Running
  Statistics last cleared: Never
  Traffic statistics:
   Input  bytes  :                    0                    0 bps
   Output bytes  :                    0                    0 bps
   Input  packets:                    0                    0 pps
   Output packets:                    0                    0 pps

Physical interface: lsq-0/0/0, Enabled, Physical link is Up
  Interface index: 139, SNMP ifIndex: 519, Generation: 142
  Link-level type: LinkService, MTU: 1504
  Device flags   : Present Running
  Interface flags: Point-To-Point SNMP-Traps Internal: 0x4000
  Last flapped   : 2016-11-03 15:03:51 UTC (01:03:33 ago)
  Statistics last cleared: Never
  Traffic statistics:
   Input  bytes  :                    0                    0 bps
   Output bytes  :                    0                    0 bps
   Input  packets:                    0                    0 pps
   Output packets:                    0                    0 pps
  Frame exceptions:
    Oversized frames                  0
    Errored input frames              0
    Input on disabled link/bundle     0
    Output for disabled link/bundle   0
    Queuing drops                     0
  Buffering exceptions:
    Packet data buffer overflow       0
    Fragment data buffer overflow     0
  Assembly exceptions:
    Fragment timeout                  0
    Missing sequence number           0
    Out-of-order sequence number      0
    Out-of-range sequence number      0
  Hardware errors (sticky):
    Data memory error                 0
    Control memory error              0

Physical interface: lt-0/0/0, Enabled, Physical link is Up
  Interface index: 141, SNMP ifIndex: 522, Generation: 144
  Type: Logical-tunnel, Link-level type: Logical-tunnel, MTU: Unlimited, Clocking: Unspecified, Speed: 800mbps
  Device flags   : Present Running
  Interface flags: Point-To-Point SNMP-Traps
  Link type      : Unspecified
  Link flags     : None
  Physical info  : 13
  Hold-times     : Up 0 ms, Down 0 ms
  Current address: 02:96:14:10:01:33, Hardware address: 02:96:14:10:01:33
  Alternate link address: Unspecified
  Last flapped   : Never
  Statistics last cleared: Never
  Traffic statistics:
   Input  bytes  :                    0                    0 bps
   Output bytes  :                    0                    0 bps
   Input  packets:                    0                    0 pps
   Output packets:                    0                    0 pps
  Input errors:
    Errors: 0, Drops: 0, Framing errors: 0, Runts: 0, Giants: 0, Policed discards: 0, Resource errors: 0
  Output errors:
    Carrier transitions: 1, Errors: 0, Drops: 0, MTU errors: 0, Resource errors: 0

Physical interface: mt-0/0/0, Enabled, Physical link is Up
  Interface index: 140, SNMP ifIndex: 521, Generation: 143
  Type: Multicast-GRE, Link-level type: GRE, MTU: Unlimited, Speed: 800mbps
  Link flags     : Keepalives DTE
  Hold-times     : Up 0 ms, Down 0 ms
  Device flags   : Present Running
  Interface flags: SNMP-Traps
  Statistics last cleared: Never
  Traffic statistics:
   Input  bytes  :                    0                    0 bps
   Output bytes  :                    0                    0 bps
   Input  packets:                    0                    0 pps
   Output packets:                    0                    0 pps

Physical interface: sp-0/0/0, Enabled, Physical link is Up
  Interface index: 136, SNMP ifIndex: 516, Generation: 139
  Type: Adaptive-Services, Link-level type: Adaptive-Services, MTU: 9192, Clocking: Unspecified, Speed: 800mbps
  Device flags   : Present Running
  Interface flags: Point-To-Point SNMP-Traps Internal: 0x4000
  Link type      : Full-Duplex
  Link flags     : None
  Physical info  : Unspecified
  Hold-times     : Up 0 ms, Down 0 ms
  Current address: Unspecified, Hardware address: Unspecified
  Alternate link address: Unspecified
  Last flapped   : 2016-11-03 15:03:51 UTC (01:03:33 ago)
  Statistics last cleared: Never
  Traffic statistics:
   Input  bytes  :                    0                    0 bps
   Output bytes  :                    0                    0 bps
   Input  packets:                    0                    0 pps
   Output packets:                    0                    0 pps
  Input errors:
    Errors: 0, Drops: 0, Framing errors: 0, Runts: 0, Giants: 0, Policed discards: 0, Resource errors: 0
  Output errors:
    Carrier transitions: 1, Errors: 0, Drops: 0, MTU errors: 0, Resource errors: 0

  Logical interface sp-0/0/0.0 (Index 70) (SNMP ifIndex 520) (Generation 135)
    Flags: Point-To-Point SNMP-Traps Encapsulation: Adaptive-Services
    Traffic statistics:
     Input  bytes  :                    0
     Output bytes  :                    0
     Input  packets:                    0
     Output packets:                    0
    Local statistics:
     Input  bytes  :                    0
     Output bytes  :                    0
     Input  packets:                    0
     Output packets:                    0
    Transit statistics:
     Input  bytes  :                    0                    0 bps
     Output bytes  :                    0                    0 bps
     Input  packets:                    0                    0 pps
     Output packets:                    0                    0 pps
    Security: Zone: Null
    Flow Statistics :
    Flow Input statistics :
      Self packets :                     0
      ICMP packets :                     0
      VPN packets :                      0
      Multicast packets :                0
      Bytes permitted by policy :        0
      Connections established :          0
    Flow Output statistics:
      Multicast packets :                0
      Bytes permitted by policy :        0
    Flow error statistics (Packets dropped due to):
      Address spoofing:                  0
      Authentication failed:             0
      Incoming NAT errors:               0
      Invalid zone received packet:      0
      Multiple user authentications:     0
      Multiple incoming NAT:             0
      No parent for a gate:              0
      No one interested in self packets: 0
      No minor session:                  0
      No more sessions:                  0
      No NAT gate:                       0
      No route present:                  0
      No SA for incoming SPI:            0
      No tunnel found:                   0
      No session for a gate:             0
      No zone or NULL zone binding       0
      Policy denied:                     0
      Security association not active:   0
      TCP sequence number out of window: 0
      Syn-attack protection:             0
      User authentication errors:        0
    Protocol inet, MTU: 9192, Generation: 149, Route table: 0
      Flags: Receive-options, Receive-TTL-Exceeded
    Protocol inet6, MTU: 9192, Generation: 150, Route table: 0
      Flags: Primary, Is-Primary, Receive-options, Receive-TTL-Exceeded

  Logical interface sp-0/0/0.16383 (Index 71) (SNMP ifIndex 523) (Generation 136)
    Flags: Point-To-Point SNMP-Traps Encapsulation: Adaptive-Services
    Traffic statistics:
     Input  bytes  :                    0
     Output bytes  :                    0
     Input  packets:                    0
     Output packets:                    0
    Local statistics:
     Input  bytes  :                    0
     Output bytes  :                    0
     Input  packets:                    0
     Output packets:                    0
    Transit statistics:
     Input  bytes  :                    0                    0 bps
     Output bytes  :                    0                    0 bps
     Input  packets:                    0                    0 pps
     Output packets:                    0                    0 pps
    Security: Zone: Null
    Flow Statistics :
    Flow Input statistics :
      Self packets :                     0
      ICMP packets :                     0
      VPN packets :                      0
      Multicast packets :                0
      Bytes permitted by policy :        0
      Connections established :          0
    Flow Output statistics:
      Multicast packets :                0
      Bytes permitted by policy :        0
    Flow error statistics (Packets dropped due to):
      Address spoofing:                  0
      Authentication failed:             0
      Incoming NAT errors:               0
      Invalid zone received packet:      0
      Multiple user authentications:     0
      Multiple incoming NAT:             0
      No parent for a gate:              0
      No one interested in self packets: 0
      No minor session:                  0
      No more sessions:                  0
      No NAT gate:                       0
      No route present:                  0
      No SA for incoming SPI:            0
      No tunnel found:                   0
      No session for a gate:             0
      No zone or NULL zone binding       0
      Policy denied:                     0
      Security association not active:   0
      TCP sequence number out of window: 0
      Syn-attack protection:             0
      User authentication errors:        0
    Protocol inet, MTU: 9192, Generation: 151, Route table: 1
      Flags: Is-Primary, Receive-options, Receive-TTL-Exceeded
      Addresses, Flags: Is-Preferred Is-Primary
        Destination: 10.0.0.16, Local: 10.0.0.1, Broadcast: Unspecified, Generation: 141
      Addresses, Flags: None
        Destination: Unspecified, Local: 10.0.0.6, Broadcast: Unspecified, Generation: 143
      Addresses, Flags: Is-Preferred
        Destination: 128.0.1.16, Local: 128.0.0.1, Broadcast: Unspecified, Generation: 144
      Addresses, Flags: None
        Destination: Unspecified, Local: 128.0.0.6, Broadcast: Unspecified, Generation: 146

Physical interface: ge-0/0/1, Enabled, Physical link is Up
  Interface index: 135, SNMP ifIndex: 508, Generation: 138
  Link-level type: Ethernet, MTU: 1514, Link-mode: Full-duplex, Speed: 1000mbps, BPDU Error: None, MAC-REWRITE Error: None, Loopback: Disabled, Source filtering: Disabled, Flow control: Enabled, Auto-negotiation: Enabled, Remote fault: Online
  Device flags   : Present Running
  Interface flags: SNMP-Traps Internal: 0x4000
  Link flags     : None
  CoS queues     : 8 supported, 8 maximum usable queues
  Hold-times     : Up 0 ms, Down 0 ms
  Current address: 08:00:27:71:d3:92, Hardware address: 08:00:27:71:d3:92
  Last flapped   : 2016-11-03 15:03:52 UTC (01:03:32 ago)
  Statistics last cleared: Never
  Traffic statistics:
   Input  bytes  :               206396                    0 bps
   Output bytes  :               858700                    0 bps
   Input  packets:                 1748                    0 pps
   Output packets:                 3223                    0 pps
  Input errors:
    Errors: 0, Drops: 0, Framing errors: 0, Runts: 0, Policed discards: 0, L3 incompletes: 0, L2 channel errors: 0, L2 mismatch timeouts: 0, FIFO errors: 0, Resource errors: 0
  Output errors:
    Carrier transitions: 1, Errors: 0, Drops: 0, Collisions: 0, Aged packets: 0, FIFO errors: 0, HS link CRC errors: 0, MTU errors: 0, Resource errors: 0
  Egress queues: 8 supported, 4 in use
  Queue counters:       Queued packets  Transmitted packets      Dropped packets
    0 best-effort                 3223                 3223                    0
    1 expedited-fo                   0                    0                    0
    2 assured-forw                   0                    0                    0
    3 network-cont                   0                    0                    0
  Queue number:         Mapped forwarding classes
    0                   best-effort
    1                   expedited-forwarding
    2                   assured-forwarding
    3                   network-control
  Active alarms  : None
  Active defects : None
  MAC statistics:                      Receive         Transmit
    Total octets                             0                0
    Total packets                            0                0
    Unicast packets                       1748             3223
    Broadcast packets                        0                0
    Multicast packets                        0                0
    CRC/Align errors                         0                0
    FIFO errors                              0                0
    MAC control frames                       0                0
    MAC pause frames                         0                0
    Oversized frames                         0
    Jabber frames                            0
    Fragment frames                          0
    VLAN tagged frames                       0
    Code violations                          0
  Filter statistics:
    Input packet count                       0
    Input packet rejects                     0
    Input DA rejects                         0
    Input SA rejects                         0
    Output packet count                                       0
    Output packet pad count                                   0
    Output packet error count                                 0
    CAM destination filters: 2, CAM source filters: 0
  Autonegotiation information:
    Negotiation status: Complete
    Link partner:
        Link mode: Full-duplex, Flow control: None, Remote fault: OK, Link partner Speed: 1000 Mbps
    Local resolution:
        Flow control: None, Remote fault: Link OK
  Packet Forwarding Engine configuration:
    Destination slot: 0
  CoS information:
    Direction : Output
    CoS transmit queue               Bandwidth               Buffer Priority   Limit
                              %            bps     %           usec
    0 best-effort            95      950000000    95              0      low    none
    3 network-control         5       50000000     5              0      low    none
  Interface transmit statistics: Disabled

  Logical interface ge-0/0/1.0 (Index 72) (SNMP ifIndex 524) (Generation 137)
    Flags: SNMP-Traps 0x4000 Encapsulation: ENET2
    Traffic statistics:
     Input  bytes  :               206396
     Output bytes  :               729940
     Input  packets:                 1748
     Output packets:                 3223
    Local statistics:
     Input  bytes  :               192695
     Output bytes  :               729940
     Input  packets:                 1650
     Output packets:                 3223
    Transit statistics:
     Input  bytes  :                13701                    0 bps
     Output bytes  :                    0                    0 bps
     Input  packets:                   98                    0 pps
     Output packets:                    0                    0 pps
    Security: Zone: Null
    Flow Statistics :
    Flow Input statistics :
      Self packets :                     0
      ICMP packets :                     0
      VPN packets :                      0
      Multicast packets :                0
      Bytes permitted by policy :        0
      Connections established :          0
    Flow Output statistics:
      Multicast packets :                0
      Bytes permitted by policy :        0
    Flow error statistics (Packets dropped due to):
      Address spoofing:                  0
      Authentication failed:             0
      Incoming NAT errors:               0
      Invalid zone received packet:      0
      Multiple user authentications:     0
      Multiple incoming NAT:             0
      No parent for a gate:              0
      No one interested in self packets: 0
      No minor session:                  0
      No more sessions:                  0
      No NAT gate:                       0
      No route present:                  0
      No SA for incoming SPI:            0
      No tunnel found:                   0
      No session for a gate:             0
      No zone or NULL zone binding       0
      Policy denied:                     0
      Security association not active:   0
      TCP sequence number out of window: 0
      Syn-attack protection:             0
      User authentication errors:        0
    Protocol inet, MTU: 1500, Generation: 152, Route table: 0
      Flags: Sendbcast-pkt-to-re
      Addresses, Flags: Is-Preferred Is-Primary
        Destination: 172.16.0/24, Local: 172.16.0.2, Broadcast: 172.16.0.255, Generation: 150

Physical interface: .local., Enabled, Physical link is Up
  Interface index: 0, SNMP ifIndex: 0, Generation: 1
  Type: Loopback, Link-level type: Interface-Specific, MTU: Unlimited, Clocking: Unspecified, Speed: Unlimited
  Device flags   : Present Running Loopback
  Interface flags: Point-To-Point
  Link type      : Unspecified
  Link flags     : None
  Physical info  : Unspecified
  Hold-times     : Up 0 ms, Down 0 ms
  Current address: Unspecified, Hardware address: Unspecified
  Alternate link address: Unspecified
  Last flapped   : Never
  Statistics last cleared: Never
  Traffic statistics:
   Input  bytes  :                    0
   Output bytes  :                    0
   Input  packets:                    0
   Output packets:                    0
  Input errors:
    Errors: 0, Drops: 0, Framing errors: 0, Runts: 0, Giants: 0, Policed discards: 0, Resource errors: 0
  Output errors:
    Carrier transitions: 0, Errors: 0, Drops: 0, MTU errors: 0, Resource errors: 0

  Logical interface .local..0 (Index 0) (SNMP ifIndex 0) (Generation 1)
    Flags: Point-To-Point Encapsulation: Unspecified
    Bandwidth: 0
    Security: Zone: Null
    Flow Statistics :
    Flow Input statistics :
      Self packets :                     0
      ICMP packets :                     0
      VPN packets :                      0
      Multicast packets :                0
      Bytes permitted by policy :        0
      Connections established :          0
    Flow Output statistics:
      Multicast packets :                0
      Bytes permitted by policy :        0
    Flow error statistics (Packets dropped due to):
      Address spoofing:                  0
      Authentication failed:             0
      Incoming NAT errors:               0
      Invalid zone received packet:      0
      Multiple user authentications:     0
      Multiple incoming NAT:             0
      No parent for a gate:              0
      No one interested in self packets: 0
      No minor session:                  0
      No more sessions:                  0
      No NAT gate:                       0
      No route present:                  0
      No SA for incoming SPI:            0
      No tunnel found:                   0
      No session for a gate:             0
      No zone or NULL zone binding       0
      Policy denied:                     0
      Security association not active:   0
      TCP sequence number out of window: 0
      Syn-attack protection:             0
      User authentication errors:        0
    Protocol inet, MTU: Unlimited, Generation: 138, Route table: 0
      Flags: None
      Addresses, Flags: Is-Primary
        Destination: Unspecified, Local: 10.0.2.15, Broadcast: Unspecified, Generation: 147
      Addresses, Flags: None
        Destination: Unspecified, Local: 172.16.0.2, Broadcast: Unspecified, Generation: 149
    Protocol iso, MTU: Unlimited, Generation: 141, Route table: 0
      Flags: None
    Protocol inet6, MTU: Unlimited, Generation: 136, Route table: 0
      Flags: None
    Protocol mpls, MTU: Unlimited, Maximum labels: 3, Generation: 135, Route table: 0
      Flags: None
    Protocol eth-switch, MTU: Unlimited, Generation: 130, Route table: 0
      Flags: None
    Protocol 56, MTU: Unlimited, Generation: 129, Route table: 0
      Flags: None
    Protocol 57, MTU: Unlimited, Generation: 133, Route table: 0
      Flags: None
    Protocol 60, MTU: Unlimited, Generation: 131, Route table: 0
      Flags: None
    Protocol 61, MTU: Unlimited, Generation: 132, Route table: 0
      Flags: None

  Logical interface .local..1 (Index 1) (SNMP ifIndex 0) (Generation 2)
    Flags: Point-To-Point Encapsulation: Unspecified
    Bandwidth: 0
    Security: Zone: Null
    Flow Statistics :
    Flow Input statistics :
      Self packets :                     0
      ICMP packets :                     0
      VPN packets :                      0
      Multicast packets :                0
      Bytes permitted by policy :        0
      Connections established :          0
    Flow Output statistics:
      Multicast packets :                0
      Bytes permitted by policy :        0
    Flow error statistics (Packets dropped due to):
      Address spoofing:                  0
      Authentication failed:             0
      Incoming NAT errors:               0
      Invalid zone received packet:      0
      Multiple user authentications:     0
      Multiple incoming NAT:             0
      No parent for a gate:              0
      No one interested in self packets: 0
      No minor session:                  0
      No more sessions:                  0
      No NAT gate:                       0
      No route present:                  0
      No SA for incoming SPI:            0
      No tunnel found:                   0
      No session for a gate:             0
      No zone or NULL zone binding       0
